// Vitest Snapshot v1, https://vitest.dev/guide/snapshot.html

exports[`Layer 1B — golden master (healthy adult, no intervention) > is deterministic and matches the frozen golden trajectory 1`] = `
[
  {
    "bis": 98,
    "dia": 78,
    "etco2": 39,
    "hr": 73,
    "map": 89,
    "paco2": 40,
    "spo2": 99,
    "sys": 117,
    "temp": 37,
  },
  {
    "bis": 98,
    "dia": 87,
    "etco2": 38,
    "hr": 75,
    "map": 100,
    "paco2": 40.01,
    "spo2": 99,
    "sys": 133,
    "temp": 37,
  },
  {
    "bis": 98,
    "dia": 87,
    "etco2": 38,
    "hr": 75,
    "map": 100,
    "paco2": 40.02,
    "spo2": 99,
    "sys": 133,
    "temp": 37,
  },
  {
    "bis": 98,
    "dia": 86,
    "etco2": 38,
    "hr": 72,
    "map": 99,
    "paco2": 40.04,
    "spo2": 99,
    "sys": 131,
    "temp": 37,
  },
  {
    "bis": 98,
    "dia": 86,
    "etco2": 38,
    "hr": 69,
    "map": 98,
    "paco2": 40.06,
    "spo2": 99,
    "sys": 128,
    "temp": 37,
  },
  {
    "bis": 98,
    "dia": 86,
    "etco2": 38,
    "hr": 64,
    "map": 97,
    "paco2": 40.09,
    "spo2": 99,
    "sys": 126,
    "temp": 37,
  },
  {
    "bis": 98,
    "dia": 80,
    "etco2": 38,
    "hr": 66,
    "map": 92,
    "paco2": 40.12,
    "spo2": 99,
    "sys": 116,
    "temp": 37,
  },
]
`;
